copying path '/nix/store/gay80fqbpm2wakbsyd4in44gx0cwx3h5-source' from 'https://cache.nixos.org'...
these 10 derivations will be built:
  /nix/store/189gy3760f09dic2wc8l0my4a7ckz0qi-builder.pl.drv
  /nix/store/c6k86vpyn93bqbni0jsxydnb4acqcyp4-en_core_web_sm-3.8.0-py3-none-any.whl.drv
  /nix/store/7z9anyfwpgpfvpda6w8yyb5n4pihg3bv-python3.13-en_core_web_sm-3.8.0.drv
  /nix/store/9mk17a82sgdjv0s88g7sjh6wvwpc6q71-set-espeak-paths.patch.drv
  /nix/store/rgdl0g25p4c1gyck2b2hzgq6d8rfcljy-python3.13-dlinfo-2.0.0.drv
  /nix/store/zkbv6la0nl40idbnsibjfig6gc1gx3cc-backend-paths.patch.drv
  /nix/store/mxwy1vx9i0kd3s6j3lk85mbz3q7xdfv6-python3.13-phonemizer-3.3.0.drv
  /nix/store/q0r0cx06awqs315rpm2yavhdjff8x9b2-python3.13-misaki-0-unstable-2025-06-16.drv
  /nix/store/mk9xzk7qa2j1m9w7zrhf7m2jrsh5jqrs-python3.13-kokoro-0-unstable-2025-06-16.drv
  /nix/store/zgvbzzgd4jzl74ccjbqs67hk16jdp7wr-python3-3.13.12-env.drv
these 305 paths will be fetched (380.1 MiB download, 2.1 GiB unpacked):
  /nix/store/chzbn020gimzfr58j2jkzmppwbbzx6g7-abseil-cpp-20260107.1
  /nix/store/fa5fkwk75qgsnz7ych206prvp5z1yhz8-abseil-cpp-20260107.1-dev
  /nix/store/h91ny64ckdahjmr8gqbskym35q71ph8a-alsa-lib-1.2.15.3
  /nix/store/2401mm08z83rmrkphr1m58bslcx5k2hn-alsa-plugins-1.2.12
  /nix/store/lkvqjjs8hi75z8jc0mjhllgmsjpfhvlp-alsa-topology-conf-1.2.5.1
  /nix/store/i354j1mz49gighz8svfsfs9zkb20xm0b-alsa-ucm-conf-1.2.15.3
  /nix/store/4ndrbqby52admlb4gf6dq1jm7kngnkqx-bin
  /nix/store/njf07hy8mylnkf33ifwydls4xcphlln2-blas-3
  /nix/store/dcl1d4sw7djqmgjbdc9fg1a2h1wf3cvg-blas-3-dev
  /nix/store/2d43h73nniqglpv24zmb6x5fb914jcqx-cjson-1.7.19
  /nix/store/kd8dhq718czwzzx9gmzdyb7fi87z20yd-curl-8.18.0
  /nix/store/qj6h0nl2w716pjwx7q1vayhd6h3a01da-curl-8.18.0-bin
  /nix/store/vbzlwjmaacsrvs0qy4cmrbmphp37xh5p-curl-8.18.0-dev
  /nix/store/3j24gy7bkgv9n5phdnbfaqwgzb7xlksp-curl-8.18.0-man
  /nix/store/cji42rvih8rszxjrnynq0525xwnlg3s1-dav1d-1.5.3
  /nix/store/mx745sg11i2na27igmmgnlf450h9dl65-dbus-1.16.2-lib
  /nix/store/y8dqwhsf4bvggqawlv7zia65lbr8rp51-dconf-0.49.0-lib
  /nix/store/lwii1s06ha263m4ay4vxbf8si0w24nb1-dejavu-fonts-minimal-2.37
  /nix/store/jc6kzjc5hp19570p0ihnvrnbc13jgm7f-die-hook
  /nix/store/zsrif7scsjhavin6jip9q4nfna95ysis-dns-root-data-2025-04-14
  /nix/store/z6z3ysqf5hy6mkk4gs5w8gyijmixpp4m-ensure-newer-sources-hook
  /nix/store/yg1w43bzi8ydx5zr1s9f9jv5cd44c34c-espeak-ng-1.52.0.1-unstable-2025-09-09
  /nix/store/ykdiwss85gcm7vqxn3psj71nrdwfvjrp-ffmpeg-8.0.1-data
  /nix/store/j507qzifp08gajnqrhgnkl1g2v0hi1pd-ffmpeg-8.0.1-lib
  /nix/store/n5is31wm18zwj4r7s64zfc8yh50v28ac-fftw-single-3.3.10
  /nix/store/y4ngp1piq4bfjnpdvik7bxljpwc161w3-flac-1.5.0
  /nix/store/i44cfw5p7574h9bmh6z1x070v624iidf-fontconfig-2.17.1
  /nix/store/a8lqn6cgwpab63c14xff3cqp8zfrvna4-fontconfig-2.17.1-lib
  /nix/store/ldyiyphqy3imqjj3n6h6vvrb7amdj1fa-freetype-2.13.3
  /nix/store/znwlv1hl6nnygg1893ivw525qypfh6xr-fribidi-1.0.16
  /nix/store/argh931zkmvlr78nkwxz45c6y49dnri0-gdk-pixbuf-2.44.5
  /nix/store/kfci1gnn12ip5xy492m0hd10hmgyxr6x-gettext-0.26
  /nix/store/9ck6py9vr8slcvqv8vvih098p5y4f9d7-gfortran-15.2.0-lib
  /nix/store/carn2m49w8zv8b821hzs449ylpivrj36-gfortran-15.2.0-libgcc
  /nix/store/4r3i031vqdq59kvxp1kv0x8393ijky21-giflib-5.2.2
  /nix/store/qa76af0p0njks1sawp3gdk9pambkgays-git-minimal-2.53.0
  /nix/store/d864rlg855kf2hnnnfdzcx54grp8n10x-glib-2.86.3
  /nix/store/cij2dqjwb8blvzb5ybggw18x6r6mxfyp-gnutls-3.8.12
  /nix/store/x8gyfnwmjgmrzpn3nycdpqhc3gkgymvk-gpu-stats-0.6.0
  /nix/store/gx11kimccpqn7ipazb78z81gihrsc985-graphite2-1.3.14
  /nix/store/kp4g2rz4i2j5vcn4bfavxm75afh4xv9j-gtest-1.17.0
  /nix/store/bicq9gpqf10dx09li6q0pxd73wc5yx2x-harfbuzz-12.3.0
  /nix/store/mkg45dsdrwr0bzrmijfqa2xf9vj8qr79-hwdata-0.405
  /nix/store/02wkfkv635277dyq176lw5dcqpxlpsl0-kmod-31
  /nix/store/23rl88qpxc3g2n2xhyb0fb15n4npgs8l-kmod-31-lib
  /nix/store/a3lphspaf0qsg3m33hcp89cpphdkp1n0-krb5-1.22.1
  /nix/store/kga1i51gjq4zfjy0i8zbiga8cv0jynbj-krb5-1.22.1-dev
  /nix/store/8vxbhw5pr1ham3ic32n2v9985944z4k7-krb5-1.22.1-lib
  /nix/store/mx43h0ky9f1h762r2nzaxn1ii3xs6m13-lame-3.100-lib
  /nix/store/sgqvkparvc6fx8n0jzmbc46p21qzs4ci-lapack-3
  /nix/store/fjshm5kgyncq447aqx5nxkq572lav0qr-lapack-3-dev
  /nix/store/0mkbf0061mvyizfj16zgh4xa6qjq6pvi-lcms2-2.18
  /nix/store/8lyfmykryy0by6xsfrrfgf9kvl9jf2vq-lerc-4.0.0
  /nix/store/gclk9wx50s9mnrl6rlhnpjvnq0qb28np-libaom-3.12.1
  /nix/store/css8hwy029gv61y6i2cz0wr2j2snng03-libass-0.17.4
  /nix/store/109rr7smwsrija81590ggcmpykbfn7fl-libavif-1.3.0
  /nix/store/hjrx2msqami9530v86n5n7hfvz2zka42-libbluray-1.4.1
  /nix/store/3acb1m04c0p9bllzs2rhv5vj8jl8sbzc-libdeflate-1.25
  /nix/store/hc43a4spns3ws92041kq53hf1f61zw8l-libdrm-2.4.131
  /nix/store/klcl5s3b8bmdspsqy7fs9jsqd3w98ms4-libevent-2.1.12
  /nix/store/1fy4004v7q0xi6c5jrr7ld2dinh22vy7-libglvnd-1.7.0
  /nix/store/3qn0kjrjvk1zgw6qzla4ckkqq8s6xfml-libimagequant-4.4.1
  /nix/store/asmzi65xzpjdnjvlyn39xlarp2x6cpj3-libjack2-1.9.22
  /nix/store/xp28zc157vrm8ij4d5ib6n9ilz6nqpgi-libjpeg-turbo-3.1.3
  /nix/store/b331kg8ynapc1amp8697bb6iczhnnsl1-libmpg123-1.33.4
  /nix/store/ihy8qd69z70yn1cm2j33f066zmcz54ik-libogg-1.3.6
  /nix/store/hh5xqz1aj82wp3p7ncr0ipjwl6ylb28v-libopenmpt-0.8.4
  /nix/store/rgfdkflfaj85c6h5qjgwq01f2kh46pha-libopus-1.6.1
  /nix/store/q8ja0hyc11n2f58wijkc5y32wank2lqn-libpciaccess-0.18.1
  /nix/store/9xii8xdn324c3nh0y1l9j2y8l6px72ld-libpng-apng-1.6.55
  /nix/store/8qs5mhyg6abqy924s1g07wddyjjddxiv-libpulseaudio-17.0
  /nix/store/6l1g0na063gjln883aygrr4i0vjc4mdd-libraqm-0.10.4
  /nix/store/m5hprpv5ddn85921ih7k0s44bb24cjdi-librist-0.2.11
  /nix/store/q842k9gfa8wx0a8nm3lwiygl9scb297p-libsamplerate-0.2.2
  /nix/store/30nc3ay283h843z5b3icirqj7brfcr4j-libselinux-3.10
  /nix/store/lky823hdcvrcaxlp0r6n53arj1klbkxc-libsndfile-1.2.2
  /nix/store/33vdi4r43giy0krmm8zvpg1vgi7fgz1q-libssh-0.11.3
  /nix/store/cwd41i7h2plm58d1s5z38p06jcasmci6-libssh2-1.11.1
  /nix/store/hy2zsnzlsfz2r1lfh5vamjbvn94ipgrb-libssh2-1.11.1-dev
  /nix/store/kadwf9afabg5y1k7yllivyxrxaij34g6-libtasn1-4.21.0
  /nix/store/pymzj24kkarnc0jzra333i9gdskigwn9-libtheora-1.2.0
  /nix/store/vsw1xz36hijmfcklij6s9s7swga2kpsy-libtiff-4.7.1
  /nix/store/rrnrqss35jmfhbhsmrjikyw04a47f5pj-libtool-2.5.4-lib
  /nix/store/p77s9a29yp2d4qlyxc3397mr9y7l2q2x-libva-2.23.0
  /nix/store/s2g8v0cfxc5rlqqxn3g69jppqlvhw0zq-libvdpau-1.5
  /nix/store/m2da48w002vvag8p9lw2j4l1psnnvhyy-libvmaf-3.0.0
  /nix/store/scpyjsn5zqqax0vmh0xqkymk3nmql3gy-libvorbis-1.3.7
  /nix/store/pbzgdcgw3hcravanxlf5n0h7bkvsxlrf-libvpx-1.16.0
  /nix/store/6d7yy0b23wi4kqvswp78p3333rlq41rx-libwebp-1.6.0
  /nix/store/nbqvcbgh1cgxiydas83mlv30f3gx9yhx-libwebp-1.6.0
  /nix/store/qi7spcan9lv78ag41bsmjrrhqrw496kq-libx11-1.8.13
  /nix/store/r59s1qs2rfll2aych951xyx05wf13dga-libxau-1.0.12
  /nix/store/ibdhk4x1g2hf6a16hgyim8plc9xb54r7-libxcb-1.17.0
  /nix/store/1qkp4mmbbaq39q1p4rh79szhl661rigz-libxdmcp-1.1.5
  /nix/store/k6jinrpyk622lcnj2k55yd7qn07vff3a-libxext-1.3.7
  /nix/store/ppkzgfvy389mnnwl1wcmphbfv4g1l700-libxfixes-6.0.2
  /nix/store/fnhs945sa02bg7gki8a3l8r9r44ylx10-libyaml-0.2.5
  /nix/store/h052qzjxfgznmhwcvqj92aq28529jrid-libyuv-1908
  /nix/store/fv820x1rylda1kfsrwfhg09m4am3dvcq-make-binary-wrapper-hook
  /nix/store/qmbai9ywd5lvigv0rq1i8ap5pf4b67ym-make-shell-wrapper-hook
  /nix/store/sksbry3dcz8vhjw90d6fm32mxgjr3s22-mbedtls-3.6.5
  /nix/store/hry64bwg7ncxz0vypv52cgn28ra2sjdy-mbrola-3.3-unstable-2024-01-29
  /nix/store/56r9v3aw1xvik4xs1km19mn3qi08m837-mbrola-bin-3.3-unstable-2024-01-29
  /nix/store/m1a6q6rclqyvsg8grsp3wr0nrmvc1h0v-mirrors-list
  /nix/store/lpc21304lsg3mwr4bz84d2fnr947mmhz-mpg123-1.33.4
  /nix/store/jlcyxbyz068m28acdwkwjr7hg19qr384-nettle-3.10.2
  /nix/store/wfqh8lmmqwy3r9w4lyvm2df5m7lpfd1i-nghttp2-1.67.1
  /nix/store/nsc5ws3p2h5yivd3i5gjh5kbi8wlrpgv-nghttp2-1.67.1-dev
  /nix/store/nmd3mxa5xlx6lidvkzq6f8824mfb6vnl-nghttp2-1.67.1-lib
  /nix/store/dfcn9xjmbsf8hlj2l2vfrl67d84ylczf-ninja-1.13.2
  /nix/store/mg063aj0crwhchqayf2qbyf28k6mlrxm-nss-cacert-3.121
  /nix/store/fmg1v33a8zfz5bhnb341cvxc0z6rc4p1-ocl-icd-2.3.4
  /nix/store/c15m6i4g73biiw1dkgxgqkz389cm63vd-openapv-0.2.1.1
  /nix/store/lyja0fdvflsa4hwi225sbbkf0c0vmmym-openblas-0.3.31
  /nix/store/q0g1z1ka0sijn5718nk95k62gai32jcd-openjpeg-2.5.4
  /nix/store/05wd2yjaa5v7i5nn8q2jb4bs442m7kb2-openssl-3.6.1
  /nix/store/d2x69y1nxx8vxdh25zw94wi9j0ca1f31-openssl-3.6.1-bin
  /nix/store/1l5jgzy26hkjz1y3apn1051asvn42sfn-openssl-3.6.1-dev
  /nix/store/ly36d98876bx0y03fkwiy8sf9h070z6s-p11-kit-0.26.1
  /nix/store/wzn01db27azjjwbcikcbp7zyrdbfb1dw-pcaudiolib-1.3
  /nix/store/phnk1lwy8xs0yrbrcs6l2mb9yr9c2knp-perl-5.42.0
  /nix/store/3vdb4hlazxpxdcpjyvlgs06i0ldqfq8k-phonemizer-3.3.0.tar.gz
  /nix/store/3qmxa64813qga2fzx1xkl1qdjbnnh00a-pr191-add-option-to-use-custom-espeak-data-path.patch
  /nix/store/gm58gi2r8078ir463a6a30qyhn3phbsi-pr82-remove-pip-dependency.patch
  /nix/store/m6q48f6svqnfbvyqkis60a6vw5ww0v57-protobuf-34.0
  /nix/store/n3b5hw7m9h1w73ifikrzcxwlz0zb6qpg-pybind11-setup-hook
  /nix/store/sbx7hvz06qiid69r7i2qnlbj4x5zg686-pypa-build-hook.sh
  /nix/store/bnvmhxlsyyzb7dgdzca9wvx0rkzlmzd4-pypa-install-hook
  /nix/store/qr4qy0spvcbhlry2l0yh6d4b4492amrx-pytest-check-hook
  /nix/store/hn6lg997pwqz4d0yfkp2a9szcgq6xcfv-python-catch-conflicts-hook
  /nix/store/zdfdm33w83a487awxj7ag9gs3ms567in-python-imports-check-hook.sh
  /nix/store/wpvq4vqvr5xy7agk48c3adjq5mcpl8hg-python-namespaces-hook.sh
  /nix/store/pzkp1q9fxvwl17y4whj38qjkb10vj3km-python-output-dist-hook
  /nix/store/683y88dafxmzpsfbjn93li883g0fc30h-python-remove-bin-bytecode-hook
  /nix/store/sdy6v11p0d9hwbyw4h0lyrs6aybxnxkw-python-remove-tests-dir-hook
  /nix/store/26p09qki1vmm29xpv925bvd8r6ni6w7k-python-runtime-deps-check-hook.sh
  /nix/store/54vn931s7kn6sxvsfan6f8arv3arxycs-python3.13-absl-py-2.3.1
  /nix/store/r19vvixswrw2i4kj0ik5jfrv3nd1zizp-python3.13-addict-2.4.0
  /nix/store/dm9slx7cs5wrmg1b6k2s07jqdza2zgrn-python3.13-annotated-doc-0.0.4
  /nix/store/xf5xdzi3qa32kghy5mmsl0955m211w79-python3.13-annotated-types-0.7.0
  /nix/store/q8a34i008kavznc3f4z0yrh9brgkk38g-python3.13-anyio-4.12.1
  /nix/store/x2fgh0lcy792cjz7rpc7mc3g004yq3ib-python3.13-astunparse-1.6.3
  /nix/store/pll8ddlpmykcjmxpfls6dascf411h1kb-python3.13-attrs-25.4.0
  /nix/store/pj4f5dxkbah97gx79zr43lww1g6kj3z4-python3.13-babel-2.17.0
  /nix/store/4apcwzgvhbn5l1hvgih6rd3fa4qnxb1z-python3.13-blis-1.3.3
  /nix/store/24ki515g6bvdy98j9xrich1cgwmmkax7-python3.13-build-1.4.0
  /nix/store/s1qrc485adi9f5a0rxshv42nci80cr2a-python3.13-catalogue-2.0.10
  /nix/store/3fgihc7c47w0nvi9qqkxkvaps3m7c1p2-python3.13-certifi-2026.01.04
  /nix/store/skk5v0ni325kha66hbqp3yryibx5xr79-python3.13-cffi-2.0.0
  /nix/store/vq3034s64l8w1nrb27qqh136x71bps3v-python3.13-chardet-5.2.0
  /nix/store/7gjd6rxq304w7dkmbb28mi7spqcvr5wx-python3.13-charset-normalizer-3.4.4
  /nix/store/bjl4laiaspy4d4n1w2qj8knhi1iv9agg-python3.13-click-8.3.1
  /nix/store/kiw1asmflmmpa3jqsggqknbyi18k9jqx-python3.13-cloudpathlib-0.23.0
  /nix/store/qwazn5j9d4k8z1f2jnwvqvp0zzlzcvgp-python3.13-confection-1.3.3
  /nix/store/wv139p4dwwzpp59m55s7fsx6xfkrwf3h-python3.13-csvw-3.7.0
  /nix/store/yljfirdkg3nhh5qblsaz92skzvr80v68-python3.13-curated-tokenizers-2.0.0
  /nix/store/vywrpyc6443m600ashdfw66bcsnaw2sh-python3.13-curated-transformers-2.0.1
  /nix/store/pzhg11aibfacr07lfmysv61wn3h6n9m8-python3.13-cymem-2.0.14
  /nix/store/vring7gzq7kkg50n4xynnaa1d5n0v04a-python3.13-ddt-1.7.2
  /nix/store/6qlk99ac7xvb0wicr0zjlfm7xhagjrrb-python3.13-docopt-0.6.2
  /nix/store/5rka4ra2w5p3lpaldjjbpphnhmykrlnm-python3.13-editables-0.5
  /nix/store/qly55wixi0vd0jipvxp1byw15x7j3kgs-python3.13-expecttest-0.3.0
  /nix/store/jjcip7d5ad92yir51iy38frmlh35smsl-python3.13-filelock-3.20.3
  /nix/store/kr9yinkly8kmrgynp00vyghjdknl95ps-python3.13-frictionless-5.18.1
  /nix/store/7blwh91vw4xvs8qalr2a3lij1bkr7l4p-python3.13-fsspec-2026.1.0
  /nix/store/5wyg7vk6kskm1j2pq92is5zinypkiygx-python3.13-gitdb-4.0.12
  /nix/store/6h01xbkvlkhzbwz3yqsvzvlsvfd86szg-python3.13-gitpython-3.1.46
  /nix/store/787rfvwm587m2kfamilma8nwxzvbn1ld-python3.13-grpcio-1.78.0
  /nix/store/bqmhrml6cn9yjdrbs1amm07k003p518q-python3.13-grpcio-1.78.0-dev
  /nix/store/7f2qrs85aid2awk28p4dwn12sq69i7xm-python3.13-h11-0.16.0
  /nix/store/55m6arsp5yj8x46a4yz3a2mipq2cmfgw-python3.13-hatchling-1.29.0
  /nix/store/z38k94dplcj76ha8w2q1v26vyjqkafvw-python3.13-hf-xet-1.4.2
  /nix/store/cbi8j2wcszyhz42v21zl9xr7jlidg6wr-python3.13-httpcore-1.0.9
  /nix/store/9r5y1l2qnxhylywrhf1h74f4v9i0sfaf-python3.13-httpx-0.28.1
  /nix/store/n91zjkjvkqcgs0vl5j20gwqxihf1prn4-python3.13-huggingface-hub-1.5.0
  /nix/store/njhqp0nrk866g7l5s0ybahidc9paifdw-python3.13-humanize-4.15.0
  /nix/store/gsjra57zica8ccmvk585hbqrzlh1q35y-python3.13-hypothesis-6.150.2
  /nix/store/srb6n37b2ah22a9zxpqj2igxm9h3wpvf-python3.13-idna-3.11
  /nix/store/l66a0hm2zzr5zj2zv7g3qvfwwlbsnnqq-python3.13-iniconfig-2.3.0
  /nix/store/car9njh6866zcs631z2mj29j15b04kc9-python3.13-installer-0.7.0
  /nix/store/6p39p1aqgxd1gd1k2a885d4qiwzxs2wc-python3.13-isodate-0.7.2
  /nix/store/3ridhx9ylh8dc0qkqi7dzbz7m7kdn3kx-python3.13-jinja2-3.1.6
  /nix/store/q0cnr5jzk8wl6vw062kg6s0gy8ak9vsq-python3.13-joblib-1.5.3
  /nix/store/iv7jcg5n6rggrbwj3hhjrxzyxnyj3b2n-python3.13-jsonpath-ng-1.7.0
  /nix/store/lxd7ggclr7w1h7aagw7ayhflziyhwh2a-python3.13-jsonschema-4.26.0
  /nix/store/g88yi9p5ykkr6h01w897y2lp2l65k8vg-python3.13-jsonschema-specifications-2025.9.1
  /nix/store/fmcnw0av57m9l0i6aramxvl86rshwlzd-python3.13-langcodes-3.5.1
  /nix/store/zigzb7hmc0r13ziwiiv40a1inni58h7k-python3.13-language-data-1.4.0
  /nix/store/xf89myh4psp69dh44whv5q19irc0qv3a-python3.13-language-tags-1.2.0
  /nix/store/0ddms9k2pmhgb8sfrifn42yvybd8v3z4-python3.13-loguru-0.7.3
  /nix/store/k92v6a8kyzp0pznrrlnab91sx53vwzhf-python3.13-lz4-4.4.5
  /nix/store/fwq5zkvh58niqy4wigkaqzgs91hwz44k-python3.13-marisa-trie-1.3.1
  /nix/store/1n6h6mdgp1w37dswnsqx4nwrs2fanby7-python3.13-markdown-3.10.2
  /nix/store/qq88vx8lagfyxfw9cd2jrpnnplv8zs00-python3.13-markdown-it-py-4.0.0
  /nix/store/427hzz5hn4n9y7x22m8jpli6wbz535pi-python3.13-marko-2.2.2
  /nix/store/wg5lwdyiymljd0hbxmn3f4kyxqss8hay-python3.13-markupsafe-3.0.3
  /nix/store/0jj2m64wa6i12xsbhb1daswaywqyh96r-python3.13-mdurl-0.1.2
  /nix/store/a2g2rqp38bs40mvd3fmj8nds61zrjb03-python3.13-mpmath-1.3.0
  /nix/store/xygi7nazbpmwri7qkkvq4rhhj5a0kg9y-python3.13-murmurhash-1.0.15
  /nix/store/6xpn7ksf88rnmvlx1kgxkmz3fdc0kcgh-python3.13-networkx-3.6.1
  /nix/store/w05a3cvizz1x5dg59djzs35ks8827dr4-python3.13-ninja-1.13.2
  /nix/store/ak1jwzbj0vdp2xjv852kyfz2c7mnnzkm-python3.13-num2words-0.5.14
  /nix/store/8jdcmrq6ld4jkh8r0hc3gy5fhg6v8dvf-python3.13-numpy-2.4.2
  /nix/store/s4bgaz6kjsji768p4v3g4xk803mdxjxa-python3.13-packaging-25.0
  /nix/store/m04j6p9f40bw7gix2qp9xgflrjg93c7h-python3.13-pathspec-0.12.1
  /nix/store/xvnrk55j7ibs5k2kvf91374sqf3mqff6-python3.13-petl-1.7.17
  /nix/store/4z2gsd5596vyddq0i2kk42ikkxqkfn6z-python3.13-pillow-12.1.1
  /nix/store/l9w1n21486dbk6lx0h76iycsq6d4kkna-python3.13-platformdirs-4.5.1
  /nix/store/w67fc884skb60km8dqvh7pvlggs9vbg4-python3.13-pluggy-1.6.0
  /nix/store/6qw17jilp7lw0xcxyfp34b5ps913981y-python3.13-ply-3.11
  /nix/store/wg47jpmj5d0h6xhfw01g8qi70rslsjgh-python3.13-preshed-3.0.13
  /nix/store/hprk80zsggp77rqxpa319qwijhnv124l-python3.13-protobuf-7.34.0
  /nix/store/8ra5bbnh12zb5sa1qh7rldgpnm6pll8y-python3.13-psutil-7.2.1
  /nix/store/y4ippakbr3qyk3kv6iskdwix6jha5hbb-python3.13-pybind11-3.0.1
  /nix/store/fpijs58n959pnl0xs46w591l6slwgfxs-python3.13-pycparser-3.00
  /nix/store/29jcxy6ib2m084wrip51dm6wx7bvs3ff-python3.13-pydantic-2.12.5
  /nix/store/67qy5jzdxi1j6i47qjw703far7a17bip-python3.13-pydantic-core-2.41.5
  /nix/store/vj2129zf5hvgwczhfwqb6zfnvm735b0c-python3.13-pygments-2.19.2
  /nix/store/59dzb2m1cgvhp73yjb9nv9xxy14mjsr5-python3.13-pyparsing-3.3.2
  /nix/store/4h4cvrmjngv6qj597ng9i3x8nbkg56q7-python3.13-pyproject-hooks-1.2.0
  /nix/store/0wnscii4625qqnngfh93mw44lxq5w5b2-python3.13-pytest-9.0.2
  /nix/store/l059196sbc8qrpqfz12x0hgnhpq0qizf-python3.13-python-dateutil-2.9.0.post0
  /nix/store/zp4w6k165j55v1d7k5iq0lz2yg41084s-python3.13-python-slugify-8.0.4
  /nix/store/4k25zhrdxqvihfq3b1rh1kydpz92v8mr-python3.13-pyyaml-6.0.3
  /nix/store/6hcan04n2lis2d64wwkmy566jkm9bc4i-python3.13-rdflib-7.5.0
  /nix/store/dxfy65wa6cnp5rsgvpysifwf33hr7mzs-python3.13-referencing-0.37.0
  /nix/store/ym4j0r5rpmhwn5msisq7rzg51q7ijrn6-python3.13-regex-2026.2.19
  /nix/store/knlk45h5km3r1i6i38izw3cmk6xznpqz-python3.13-requests-2.32.5
  /nix/store/63kllzgala41vczg4iwvgxshrz0jipbw-python3.13-rfc3986-2.0.0
  /nix/store/kf46rv8liyxjf75vpg0qhaf6iimy74sk-python3.13-rich-14.3.3
  /nix/store/igi9k7fhplsd81gmvy6c5mpd1bmvy20z-python3.13-rpds-py-0.30.0
  /nix/store/w14q5n5k1mfxbln7dj2zagln5vy6w7r9-python3.13-safetensors-0.7.0
  /nix/store/6fl07n81qgswca9r1ff9y5qpbhrhmcbq-python3.13-segments-2.3.0
  /nix/store/3i984817593z5gfm1sp1nz78dc606ccf-python3.13-sentry-sdk-2.54.0
  /nix/store/l6n1pf602n066i5ds69hjkfrhzsk9zb0-python3.13-setproctitle-1.3.7
  /nix/store/jldwaqq2p69ms46wpf74aw5rllnhwz6j-python3.13-setuptools-80.10.1
  /nix/store/s1057c6wqvkx9k58magacj81pwq4qli2-python3.13-setuptools-scm-9.2.2
  /nix/store/cyva3a4m0pjznbfkmikdawc0x1v9mcf1-python3.13-shellingham-1.5.4
  /nix/store/8ygpvisrqglhbfic786mvan1gfl3vyap-python3.13-simpleeval-1.0.4
  /nix/store/6w1acfg243ykxnnfiis7f41q8q0z9ii4-python3.13-six-1.17.0
  /nix/store/c9nx6910qfrhh02izv1yxlyk7k8adjis-python3.13-smart-open-7.5.0
  /nix/store/rwyngp32sifd4w059ih9h2k7q4x0yldc-python3.13-smmap-6.0.0
  /nix/store/is0yx9am3fbni82xy16mxnzfz5x02h58-python3.13-sortedcontainers-2.4.0
  /nix/store/b77gxcadzkmczqx5hp50mbfm324yzgij-python3.13-soundfile-0.13.1
  /nix/store/d92nfyfxniaqqsszqvlv1zf54rvj09wd-python3.13-spacy-3.8.14
  /nix/store/4nwysanyp44vyawjx8xdy338h11inhbj-python3.13-spacy-curated-transformers-2.1.2
  /nix/store/1dsqw2fm59fcd08z4xk0kjjs7yl1f3cn-python3.13-spacy-legacy-3.0.12
  /nix/store/v9wa5b5vrkaf5dna0vd6ssiyqblzdl8s-python3.13-spacy-loggers-1.0.5
  /nix/store/pafljicaghcp4cbvakg1z83j0qwlc8d5-python3.13-srsly-2.5.3
  /nix/store/zf12i6i1qzr9svw7dvwpcw4sbgpcbm79-python3.13-standard-imghdr-3.13.0
  /nix/store/g6946gzhr39skzm7ja0mrpxw0s240yjp-python3.13-sympy-1.14.0
  /nix/store/icllijq1zv26rm371fjsf98353sn9aqs-python3.13-tabulate-0.10.0
  /nix/store/cghmkhsslri66w4j74282lvqjhy11l0b-python3.13-tensorboard-2.20.0
  /nix/store/bkppibiyb0k635309063kyz5qdw4s04w-python3.13-tensorboard-data-server-0.7.2
  /nix/store/llyd518sxkxalzkrwi8v4gcb441rsh59-python3.13-termcolor-3.3.0
  /nix/store/f7v0mw7f518a84xalrkqydmir09sciwk-python3.13-text-unidecode-1.3
  /nix/store/pwbbn99d0hmz5g9bmmng9wcyqpi31cs8-python3.13-thinc-8.3.12
  /nix/store/4wyjj8y8bn87zj4z08j3kb25lh9k049z-python3.13-tokenizers-0.22.2
  /nix/store/abhws7jn1517m2541nsj6hs22jsb7x3d-python3.13-torch-2.11.0
  /nix/store/xpj0wczj89a30cyl2kqg2g2nq1j3ymyi-python3.13-torch-2.11.0-dev
  /nix/store/qphpddicw3q681b3ha3rb4jjnx2iliwx-python3.13-torch-2.11.0-lib
  /nix/store/2by2irsidk7ly5mzbknk7w7md89jmy5l-python3.13-tqdm-4.67.1
  /nix/store/dj4bshvv2hgc3pc8n0m08ds3w2lr0r0n-python3.13-transformers-5.3.0
  /nix/store/98215gz2rlp8jsf6vj3j3f4f6q0yp6q8-python3.13-triton-3.6.0
  /nix/store/3ygaad6jsgk7kg2fwx11ikh3mi2k2d8w-python3.13-trove-classifiers-2026.1.14.14
  /nix/store/nnji7f4rkmbqagy7f40jwx6v845rqcpq-python3.13-typer-0.24.0
  /nix/store/l5d1b2c86b8h8pdbvcqr2fplbkffhsg8-python3.13-types-dataclasses-0.6.6
  /nix/store/llv9b1i1c1j8dzkakysmgn99nicjlcs1-python3.13-typing-extensions-4.15.0
  /nix/store/wpsa573cm2kslka6l3i9lvcdsghmsryf-python3.13-typing-inspection-0.4.2
  /nix/store/380dh82yqh94wpv9ii03m3hafklxiwdg-python3.13-uritemplate-4.2.0
  /nix/store/b0xhg85g0xbrxkggmhy2zxiqsk5jzanm-python3.13-urllib3-2.6.3
  /nix/store/macifmmafzkhlyq2pd1xkppxxikxlxzb-python3.13-validators-0.35.0
  /nix/store/xkf39ajrbcnli1fy6acrwhidsd3knxx0-python3.13-wandb-0.25.1
  /nix/store/w1yh1q0q1av8vrvgazs6arslz1zkx3ig-python3.13-wasabi-1.1.3
  /nix/store/bbpwk4zvz2fsndsw8684yz53h1lqq9ab-python3.13-weasel-1.0.0
  /nix/store/60aw55d621p2d4l6kkli6dfp47wmnj98-python3.13-werkzeug-3.1.6
  /nix/store/hdjzrkympc393b3a19zxzi55j7fxzicv-python3.13-wheel-0.46.1
  /nix/store/yqps3v7ajmah97flgfcb8lr6vj0sybcl-python3.13-wrapt-1.17.2
  /nix/store/wr35sb1xz30c255fz2lxcm9a4wb6r42m-sonic-unstable-2020-12-27
  /nix/store/7lwkq2imvfs9wvdijb7ypdvjbqhrpab3-source
  /nix/store/rfildd1phdmk4j23s6frgh3dvm6gkm99-source
  /nix/store/w77hyhv8v89579ihxdmskz8xcgslh0sc-source
  /nix/store/54h66nb5aidss9pbyjki3capcc4z6f4b-soxr-0.1.3
  /nix/store/ligr43angi3b9hpi06d9zm9zwfwg7nbm-speex-1.2.1
  /nix/store/1m7k715d768nsidynlrylh4hxnm8gpjm-speexdsp-1.2.1
  /nix/store/f1dnrrll28al1y7q2g9z893ganjgzv0c-srt-1.5.4
  /nix/store/s2grcjv8pklvkajk3mkh75aja5dppx6z-stdenv-linux
  /nix/store/ja6qrvxn89ndvpl1196hgfm024xnw6ns-svt-av1-3.1.2
  /nix/store/9g18my8aw2iyz5mjrxlb4nqra8jdhm8n-systemd-minimal-259.3
  /nix/store/v5ndlqb27kb34vj0bf0w7izcnk96c1f1-unbound-1.24.2-lib
  /nix/store/4hvdwr3d9wdd2nainp5jan1wvl9bg0ld-util-linux-minimal-2.41.3-mount
  /nix/store/3zypcpkpbiv9p5p4kbnl6b2f0cdykawj-util-linux-minimal-2.41.3-swap
  /nix/store/s28cbar71d9bv7f6pj7f3xs79cpvmk04-v4l-utils-1.32.0
  /nix/store/rhf7843p0dmmydzxd5x7pbjmx9b01dgb-vid.stab-1.1.1-unstable-2025-08-21
  /nix/store/7krvb015vp4wq7lj6v3wadjy4q9asc8q-vulkan-loader-1.4.341.0
  /nix/store/m5c8s72x6v1jk2lzw50b16dg0nvsr8if-wandb-core-0.25.1
  /nix/store/indd6wy8j1j62njhdq6m37rkajpvzc3v-wayland-1.24.0
  /nix/store/macjylfl4z8s9z3wi4r03knq0nq15208-wheel-unpack-hook.sh
  /nix/store/6jnxjzpyvmxc3zny5jsfgsn07iqhzf53-wrap-python-hook
  /nix/store/lww3rnxx3kwl17b7siddqn834hpdhgpf-x264-0-unstable-2025-01-03-lib
  /nix/store/hkkgdpf56npnzkyg66r2lwaf91f3pagf-x265-4.1
  /nix/store/xl1g2j27cddvr2n0gb03hjfpxpynad51-xvidcore-1.3.7
  /nix/store/v9cvzmaybshqi6bzmh9y8gnfxb8j0y7q-zimg-3.0.6
  /nix/store/rdhqgygj8b36vg0v6d5q7wy2vca7g55z-zlib-ng-2.3.3
  /nix/store/49bifvfgvmgy4n1qwwgb52l3c8cpwjsf-zvbi-0.2.44
copying path '/nix/store/4ndrbqby52admlb4gf6dq1jm7kngnkqx-bin' from 'https://cache.nixos.org'...
copying path '/nix/store/jc6kzjc5hp19570p0ihnvrnbc13jgm7f-die-hook' from 'https://cache.nixos.org'...
copying path '/nix/store/mg063aj0crwhchqayf2qbyf28k6mlrxm-nss-cacert-3.121' from 'https://cache.nixos.org'...
copying path '/nix/store/phnk1lwy8xs0yrbrcs6l2mb9yr9c2knp-perl-5.42.0' from 'https://cache.nixos.org'...
copying path '/nix/store/n3b5hw7m9h1w73ifikrzcxwlz0zb6qpg-pybind11-setup-hook' from 'https://cache.nixos.org'...
copying path '/nix/store/54vn931s7kn6sxvsfan6f8arv3arxycs-python3.13-absl-py-2.3.1' from 'https://cache.nixos.org'...
copying path '/nix/store/r19vvixswrw2i4kj0ik5jfrv3nd1zizp-python3.13-addict-2.4.0' from 'https://cache.nixos.org'...
copying path '/nix/store/pll8ddlpmykcjmxpfls6dascf411h1kb-python3.13-attrs-25.4.0' from 'https://cache.nixos.org'...
copying path '/nix/store/xf5xdzi3qa32kghy5mmsl0955m211w79-python3.13-annotated-types-0.7.0' from 'https://cache.nixos.org'...
copying path '/nix/store/dm9slx7cs5wrmg1b6k2s07jqdza2zgrn-python3.13-annotated-doc-0.0.4' from 'https://cache.nixos.org'...
copying path '/nix/store/s1qrc485adi9f5a0rxshv42nci80cr2a-python3.13-catalogue-2.0.10' from 'https://cache.nixos.org'...
copying path '/nix/store/pj4f5dxkbah97gx79zr43lww1g6kj3z4-python3.13-babel-2.17.0' from 'https://cache.nixos.org'...
copying path '/nix/store/7gjd6rxq304w7dkmbb28mi7spqcvr5wx-python3.13-charset-normalizer-3.4.4' from 'https://cache.nixos.org'...
copying path '/nix/store/kiw1asmflmmpa3jqsggqknbyi18k9jqx-python3.13-cloudpathlib-0.23.0' from 'https://cache.nixos.org'...
copying path '/nix/store/bjl4laiaspy4d4n1w2qj8knhi1iv9agg-python3.13-click-8.3.1' from 'https://cache.nixos.org'...
copying path '/nix/store/vq3034s64l8w1nrb27qqh136x71bps3v-python3.13-chardet-5.2.0' from 'https://cache.nixos.org'...
copying path '/nix/store/lkvqjjs8hi75z8jc0mjhllgmsjpfhvlp-alsa-topology-conf-1.2.5.1' from 'https://cache.nixos.org'...
copying path '/nix/store/2d43h73nniqglpv24zmb6x5fb914jcqx-cjson-1.7.19' from 'https://cache.nixos.org'...
copying path '/nix/store/cji42rvih8rszxjrnynq0525xwnlg3s1-dav1d-1.5.3' from 'https://cache.nixos.org'...
copying path '/nix/store/3j24gy7bkgv9n5phdnbfaqwgzb7xlksp-curl-8.18.0-man' from 'https://cache.nixos.org'...
copying path '/nix/store/lwii1s06ha263m4ay4vxbf8si0w24nb1-dejavu-fonts-minimal-2.37' from 'https://cache.nixos.org'...
copying path '/nix/store/zsrif7scsjhavin6jip9q4nfna95ysis-dns-root-data-2025-04-14' from 'https://cache.nixos.org'...
copying path '/nix/store/z6z3ysqf5hy6mkk4gs5w8gyijmixpp4m-ensure-newer-sources-hook' from 'https://cache.nixos.org'...
copying path '/nix/store/ykdiwss85gcm7vqxn3psj71nrdwfvjrp-ffmpeg-8.0.1-data' from 'https://cache.nixos.org'...
copying path '/nix/store/n5is31wm18zwj4r7s64zfc8yh50v28ac-fftw-single-3.3.10' from 'https://cache.nixos.org'...
copying path '/nix/store/znwlv1hl6nnygg1893ivw525qypfh6xr-fribidi-1.0.16' from 'https://cache.nixos.org'...
copying path '/nix/store/kfci1gnn12ip5xy492m0hd10hmgyxr6x-gettext-0.26' from 'https://cache.nixos.org'...
copying path '/nix/store/carn2m49w8zv8b821hzs449ylpivrj36-gfortran-15.2.0-libgcc' from 'https://cache.nixos.org'...
copying path '/nix/store/4r3i031vqdq59kvxp1kv0x8393ijky21-giflib-5.2.2' from 'https://cache.nixos.org'...
copying path '/nix/store/x8gyfnwmjgmrzpn3nycdpqhc3gkgymvk-gpu-stats-0.6.0' from 'https://cache.nixos.org'...
copying path '/nix/store/gx11kimccpqn7ipazb78z81gihrsc985-graphite2-1.3.14' from 'https://cache.nixos.org'...
copying path '/nix/store/i44cfw5p7574h9bmh6z1x070v624iidf-fontconfig-2.17.1' from 'https://cache.nixos.org'...
copying path '/nix/store/kp4g2rz4i2j5vcn4bfavxm75afh4xv9j-gtest-1.17.0' from 'https://cache.nixos.org'...
copying path '/nix/store/mkg45dsdrwr0bzrmijfqa2xf9vj8qr79-hwdata-0.405' from 'https://cache.nixos.org'...
copying path '/nix/store/02wkfkv635277dyq176lw5dcqpxlpsl0-kmod-31' from 'https://cache.nixos.org'...
copying path '/nix/store/9ck6py9vr8slcvqv8vvih098p5y4f9d7-gfortran-15.2.0-lib' from 'https://cache.nixos.org'...
copying path '/nix/store/23rl88qpxc3g2n2xhyb0fb15n4npgs8l-kmod-31-lib' from 'https://cache.nixos.org'...
copying path '/nix/store/mx43h0ky9f1h762r2nzaxn1ii3xs6m13-lame-3.100-lib' from 'https://cache.nixos.org'...
copying path '/nix/store/0mkbf0061mvyizfj16zgh4xa6qjq6pvi-lcms2-2.18' from 'https://cache.nixos.org'...
copying path '/nix/store/chzbn020gimzfr58j2jkzmppwbbzx6g7-abseil-cpp-20260107.1' from 'https://cache.nixos.org'...
copying path '/nix/store/i354j1mz49gighz8svfsfs9zkb20xm0b-alsa-ucm-conf-1.2.15.3' from 'https://cache.nixos.org'...
copying path '/nix/store/8lyfmykryy0by6xsfrrfgf9kvl9jf2vq-lerc-4.0.0' from 'https://cache.nixos.org'...
copying path '/nix/store/3acb1m04c0p9bllzs2rhv5vj8jl8sbzc-libdeflate-1.25' from 'https://cache.nixos.org'...
copying path '/nix/store/klcl5s3b8bmdspsqy7fs9jsqd3w98ms4-libevent-2.1.12' from 'https://cache.nixos.org'...
copying path '/nix/store/3qn0kjrjvk1zgw6qzla4ckkqq8s6xfml-libimagequant-4.4.1' from 'https://cache.nixos.org'...
copying path '/nix/store/xp28zc157vrm8ij4d5ib6n9ilz6nqpgi-libjpeg-turbo-3.1.3' from 'https://cache.nixos.org'...
copying path '/nix/store/b331kg8ynapc1amp8697bb6iczhnnsl1-libmpg123-1.33.4' from 'https://cache.nixos.org'...
copying path '/nix/store/ihy8qd69z70yn1cm2j33f066zmcz54ik-libogg-1.3.6' from 'https://cache.nixos.org'...
copying path '/nix/store/rgfdkflfaj85c6h5qjgwq01f2kh46pha-libopus-1.6.1' from 'https://cache.nixos.org'...
copying path '/nix/store/9xii8xdn324c3nh0y1l9j2y8l6px72ld-libpng-apng-1.6.55' from 'https://cache.nixos.org'...
copying path '/nix/store/q842k9gfa8wx0a8nm3lwiygl9scb297p-libsamplerate-0.2.2' from 'https://cache.nixos.org'...
copying path '/nix/store/30nc3ay283h843z5b3icirqj7brfcr4j-libselinux-3.10' from 'https://cache.nixos.org'...
copying path '/nix/store/33vdi4r43giy0krmm8zvpg1vgi7fgz1q-libssh-0.11.3' from 'https://cache.nixos.org'...
copying path '/nix/store/y4ngp1piq4bfjnpdvik7bxljpwc161w3-flac-1.5.0' from 'https://cache.nixos.org'...
copying path '/nix/store/kadwf9afabg5y1k7yllivyxrxaij34g6-libtasn1-4.21.0' from 'https://cache.nixos.org'...
copying path '/nix/store/pymzj24kkarnc0jzra333i9gdskigwn9-libtheora-1.2.0' from 'https://cache.nixos.org'...
copying path '/nix/store/ldyiyphqy3imqjj3n6h6vvrb7amdj1fa-freetype-2.13.3' from 'https://cache.nixos.org'...
copying path '/nix/store/rrnrqss35jmfhbhsmrjikyw04a47f5pj-libtool-2.5.4-lib' from 'https://cache.nixos.org'...
copying path '/nix/store/d864rlg855kf2hnnnfdzcx54grp8n10x-glib-2.86.3' from 'https://cache.nixos.org'...
copying path '/nix/store/q8ja0hyc11n2f58wijkc5y32wank2lqn-libpciaccess-0.18.1' from 'https://cache.nixos.org'...
copying path '/nix/store/m2da48w002vvag8p9lw2j4l1psnnvhyy-libvmaf-3.0.0' from 'https://cache.nixos.org'...
copying path '/nix/store/scpyjsn5zqqax0vmh0xqkymk3nmql3gy-libvorbis-1.3.7' from 'https://cache.nixos.org'...
copying path '/nix/store/pbzgdcgw3hcravanxlf5n0h7bkvsxlrf-libvpx-1.16.0' from 'https://cache.nixos.org'...
copying path '/nix/store/6d7yy0b23wi4kqvswp78p3333rlq41rx-libwebp-1.6.0' from 'https://cache.nixos.org'...
copying path '/nix/store/r59s1qs2rfll2aych951xyx05wf13dga-libxau-1.0.12' from 'https://cache.nixos.org'...
copying path '/nix/store/1qkp4mmbbaq39q1p4rh79szhl661rigz-libxdmcp-1.1.5' from 'https://cache.nixos.org'...
copying path '/nix/store/hc43a4spns3ws92041kq53hf1f61zw8l-libdrm-2.4.131' from 'https://cache.nixos.org'...
copying path '/nix/store/a8lqn6cgwpab63c14xff3cqp8zfrvna4-fontconfig-2.17.1-lib' from 'https://cache.nixos.org'...
copying path '/nix/store/fnhs945sa02bg7gki8a3l8r9r44ylx10-libyaml-0.2.5' from 'https://cache.nixos.org'...
copying path '/nix/store/lky823hdcvrcaxlp0r6n53arj1klbkxc-libsndfile-1.2.2' from 'https://cache.nixos.org'...
copying path '/nix/store/ibdhk4x1g2hf6a16hgyim8plc9xb54r7-libxcb-1.17.0' from 'https://cache.nixos.org'...
copying path '/nix/store/gclk9wx50s9mnrl6rlhnpjvnq0qb28np-libaom-3.12.1' from 'https://cache.nixos.org'...
copying path '/nix/store/fa5fkwk75qgsnz7ych206prvp5z1yhz8-abseil-cpp-20260107.1-dev' from 'https://cache.nixos.org'...
copying path '/nix/store/fv820x1rylda1kfsrwfhg09m4am3dvcq-make-binary-wrapper-hook' from 'https://cache.nixos.org'...
copying path '/nix/store/h052qzjxfgznmhwcvqj92aq28529jrid-libyuv-1908' from 'https://cache.nixos.org'...
copying path '/nix/store/qmbai9ywd5lvigv0rq1i8ap5pf4b67ym-make-shell-wrapper-hook' from 'https://cache.nixos.org'...
copying path '/nix/store/vsw1xz36hijmfcklij6s9s7swga2kpsy-libtiff-4.7.1' from 'https://cache.nixos.org'...
copying path '/nix/store/sksbry3dcz8vhjw90d6fm32mxgjr3s22-mbedtls-3.6.5' from 'https://cache.nixos.org'...
copying path '/nix/store/56r9v3aw1xvik4xs1km19mn3qi08m837-mbrola-bin-3.3-unstable-2024-01-29' from 'https://cache.nixos.org'...
copying path '/nix/store/hjrx2msqami9530v86n5n7hfvz2zka42-libbluray-1.4.1' from 'https://cache.nixos.org'...
copying path '/nix/store/m1a6q6rclqyvsg8grsp3wr0nrmvc1h0v-mirrors-list' from 'https://cache.nixos.org'...
copying path '/nix/store/jlcyxbyz068m28acdwkwjr7hg19qr384-nettle-3.10.2' from 'https://cache.nixos.org'...
copying path '/nix/store/wfqh8lmmqwy3r9w4lyvm2df5m7lpfd1i-nghttp2-1.67.1' from 'https://cache.nixos.org'...
copying path '/nix/store/dfcn9xjmbsf8hlj2l2vfrl67d84ylczf-ninja-1.13.2' from 'https://cache.nixos.org'...
copying path '/nix/store/nmd3mxa5xlx6lidvkzq6f8824mfb6vnl-nghttp2-1.67.1-lib' from 'https://cache.nixos.org'...
copying path '/nix/store/fmg1v33a8zfz5bhnb341cvxc0z6rc4p1-ocl-icd-2.3.4' from 'https://cache.nixos.org'...
copying path '/nix/store/hry64bwg7ncxz0vypv52cgn28ra2sjdy-mbrola-3.3-unstable-2024-01-29' from 'https://cache.nixos.org'...
copying path '/nix/store/nsc5ws3p2h5yivd3i5gjh5kbi8wlrpgv-nghttp2-1.67.1-dev' from 'https://cache.nixos.org'...
copying path '/nix/store/nbqvcbgh1cgxiydas83mlv30f3gx9yhx-libwebp-1.6.0' from 'https://cache.nixos.org'...
copying path '/nix/store/c15m6i4g73biiw1dkgxgqkz389cm63vd-openapv-0.2.1.1' from 'https://cache.nixos.org'...
copying path '/nix/store/lyja0fdvflsa4hwi225sbbkf0c0vmmym-openblas-0.3.31' from 'https://cache.nixos.org'...
copying path '/nix/store/q0g1z1ka0sijn5718nk95k62gai32jcd-openjpeg-2.5.4' from 'https://cache.nixos.org'...
copying path '/nix/store/05wd2yjaa5v7i5nn8q2jb4bs442m7kb2-openssl-3.6.1' from 'https://cache.nixos.org'...
copying path '/nix/store/ly36d98876bx0y03fkwiy8sf9h070z6s-p11-kit-0.26.1' from 'https://cache.nixos.org'...
copying path '/nix/store/3vdb4hlazxpxdcpjyvlgs06i0ldqfq8k-phonemizer-3.3.0.tar.gz' from 'https://cache.nixos.org'...
copying path '/nix/store/3qmxa64813qga2fzx1xkl1qdjbnnh00a-pr191-add-option-to-use-custom-espeak-data-path.patch' from 'https://cache.nixos.org'...
copying path '/nix/store/h91ny64ckdahjmr8gqbskym35q71ph8a-alsa-lib-1.2.15.3' from 'https://cache.nixos.org'...
copying path '/nix/store/qi7spcan9lv78ag41bsmjrrhqrw496kq-libx11-1.8.13' from 'https://cache.nixos.org'...
copying path '/nix/store/hn6lg997pwqz4d0yfkp2a9szcgq6xcfv-python-catch-conflicts-hook' from 'https://cache.nixos.org'...
copying path '/nix/store/gm58gi2r8078ir463a6a30qyhn3phbsi-pr82-remove-pip-dependency.patch' from 'https://cache.nixos.org'...
copying path '/nix/store/zdfdm33w83a487awxj7ag9gs3ms567in-python-imports-check-hook.sh' from 'https://cache.nixos.org'...
copying path '/nix/store/wpvq4vqvr5xy7agk48c3adjq5mcpl8hg-python-namespaces-hook.sh' from 'https://cache.nixos.org'...
copying path '/nix/store/pzkp1q9fxvwl17y4whj38qjkb10vj3km-python-output-dist-hook' from 'https://cache.nixos.org'...
copying path '/nix/store/683y88dafxmzpsfbjn93li883g0fc30h-python-remove-bin-bytecode-hook' from 'https://cache.nixos.org'...
copying path '/nix/store/sdy6v11p0d9hwbyw4h0lyrs6aybxnxkw-python-remove-tests-dir-hook' from 'https://cache.nixos.org'...
copying path '/nix/store/3fgihc7c47w0nvi9qqkxkvaps3m7c1p2-python3.13-certifi-2026.01.04' from 'https://cache.nixos.org'...
copying path '/nix/store/qwazn5j9d4k8z1f2jnwvqvp0zzlzcvgp-python3.13-confection-1.3.3' from 'https://cache.nixos.org'...
copying path '/nix/store/pzhg11aibfacr07lfmysv61wn3h6n9m8-python3.13-cymem-2.0.14' from 'https://cache.nixos.org'...
copying path '/nix/store/vring7gzq7kkg50n4xynnaa1d5n0v04a-python3.13-ddt-1.7.2' from 'https://cache.nixos.org'...
copying path '/nix/store/6qlk99ac7xvb0wicr0zjlfm7xhagjrrb-python3.13-docopt-0.6.2' from 'https://cache.nixos.org'...
copying path '/nix/store/5rka4ra2w5p3lpaldjjbpphnhmykrlnm-python3.13-editables-0.5' from 'https://cache.nixos.org'...
copying path '/nix/store/qly55wixi0vd0jipvxp1byw15x7j3kgs-python3.13-expecttest-0.3.0' from 'https://cache.nixos.org'...
copying path '/nix/store/jjcip7d5ad92yir51iy38frmlh35smsl-python3.13-filelock-3.20.3' from 'https://cache.nixos.org'...
copying path '/nix/store/7blwh91vw4xvs8qalr2a3lij1bkr7l4p-python3.13-fsspec-2026.1.0' from 'https://cache.nixos.org'...
copying path '/nix/store/787rfvwm587m2kfamilma8nwxzvbn1ld-python3.13-grpcio-1.78.0' from 'https://cache.nixos.org'...
copying path '/nix/store/7f2qrs85aid2awk28p4dwn12sq69i7xm-python3.13-h11-0.16.0' from 'https://cache.nixos.org'...
copying path '/nix/store/z38k94dplcj76ha8w2q1v26vyjqkafvw-python3.13-hf-xet-1.4.2' from 'https://cache.nixos.org'...
copying path '/nix/store/njhqp0nrk866g7l5s0ybahidc9paifdw-python3.13-humanize-4.15.0' from 'https://cache.nixos.org'...
copying path '/nix/store/srb6n37b2ah22a9zxpqj2igxm9h3wpvf-python3.13-idna-3.11' from 'https://cache.nixos.org'...
copying path '/nix/store/8vxbhw5pr1ham3ic32n2v9985944z4k7-krb5-1.22.1-lib' from 'https://cache.nixos.org'...
copying path '/nix/store/cwd41i7h2plm58d1s5z38p06jcasmci6-libssh2-1.11.1' from 'https://cache.nixos.org'...
copying path '/nix/store/d2x69y1nxx8vxdh25zw94wi9j0ca1f31-openssl-3.6.1-bin' from 'https://cache.nixos.org'...
copying path '/nix/store/cbi8j2wcszyhz42v21zl9xr7jlidg6wr-python3.13-httpcore-1.0.9' from 'https://cache.nixos.org'...
copying path '/nix/store/l66a0hm2zzr5zj2zv7g3qvfwwlbsnnqq-python3.13-iniconfig-2.3.0' from 'https://cache.nixos.org'...
copying path '/nix/store/y8dqwhsf4bvggqawlv7zia65lbr8rp51-dconf-0.49.0-lib' from 'https://cache.nixos.org'...
copying path '/nix/store/argh931zkmvlr78nkwxz45c6y49dnri0-gdk-pixbuf-2.44.5' from 'https://cache.nixos.org'...
copying path '/nix/store/bicq9gpqf10dx09li6q0pxd73wc5yx2x-harfbuzz-12.3.0' from 'https://cache.nixos.org'...
copying path '/nix/store/k6jinrpyk622lcnj2k55yd7qn07vff3a-libxext-1.3.7' from 'https://cache.nixos.org'...
copying path '/nix/store/ppkzgfvy389mnnwl1wcmphbfv4g1l700-libxfixes-6.0.2' from 'https://cache.nixos.org'...
copying path '/nix/store/1l5jgzy26hkjz1y3apn1051asvn42sfn-openssl-3.6.1-dev' from 'https://cache.nixos.org'...
copying path '/nix/store/1fy4004v7q0xi6c5jrr7ld2dinh22vy7-libglvnd-1.7.0' from 'https://cache.nixos.org'...
copying path '/nix/store/s2g8v0cfxc5rlqqxn3g69jppqlvhw0zq-libvdpau-1.5' from 'https://cache.nixos.org'...
copying path '/nix/store/m6q48f6svqnfbvyqkis60a6vw5ww0v57-protobuf-34.0' from 'https://cache.nixos.org'...
copying path '/nix/store/q8a34i008kavznc3f4z0yrh9brgkk38g-python3.13-anyio-4.12.1' from 'https://cache.nixos.org'...
copying path '/nix/store/kd8dhq718czwzzx9gmzdyb7fi87z20yd-curl-8.18.0' from 'https://cache.nixos.org'...
copying path '/nix/store/a3lphspaf0qsg3m33hcp89cpphdkp1n0-krb5-1.22.1' from 'https://cache.nixos.org'...
copying path '/nix/store/css8hwy029gv61y6i2cz0wr2j2snng03-libass-0.17.4' from 'https://cache.nixos.org'...
copying path '/nix/store/6l1g0na063gjln883aygrr4i0vjc4mdd-libraqm-0.10.4' from 'https://cache.nixos.org'...
copying path '/nix/store/hy2zsnzlsfz2r1lfh5vamjbvn94ipgrb-libssh2-1.11.1-dev' from 'https://cache.nixos.org'...
copying path '/nix/store/car9njh6866zcs631z2mj29j15b04kc9-python3.13-installer-0.7.0' from 'https://cache.nixos.org'...
copying path '/nix/store/6p39p1aqgxd1gd1k2a885d4qiwzxs2wc-python3.13-isodate-0.7.2' from 'https://cache.nixos.org'...
copying path '/nix/store/njf07hy8mylnkf33ifwydls4xcphlln2-blas-3' from 'https://cache.nixos.org'...
copying path '/nix/store/qj6h0nl2w716pjwx7q1vayhd6h3a01da-curl-8.18.0-bin' from 'https://cache.nixos.org'...
copying path '/nix/store/sgqvkparvc6fx8n0jzmbc46p21qzs4ci-lapack-3' from 'https://cache.nixos.org'...
copying path '/nix/store/xf89myh4psp69dh44whv5q19irc0qv3a-python3.13-language-tags-1.2.0' from 'https://cache.nixos.org'...
copying path '/nix/store/0ddms9k2pmhgb8sfrifn42yvybd8v3z4-python3.13-loguru-0.7.3' from 'https://cache.nixos.org'...
copying path '/nix/store/109rr7smwsrija81590ggcmpykbfn7fl-libavif-1.3.0' from 'https://cache.nixos.org'...
copying path '/nix/store/m5hprpv5ddn85921ih7k0s44bb24cjdi-librist-0.2.11' from 'https://cache.nixos.org'...
copying path '/nix/store/k92v6a8kyzp0pznrrlnab91sx53vwzhf-python3.13-lz4-4.4.5' from 'https://cache.nixos.org'...
copying path '/nix/store/fwq5zkvh58niqy4wigkaqzgs91hwz44k-python3.13-marisa-trie-1.3.1' from 'https://cache.nixos.org'...
copying path '/nix/store/kga1i51gjq4zfjy0i8zbiga8cv0jynbj-krb5-1.22.1-dev' from 'https://cache.nixos.org'...
copying path '/nix/store/1n6h6mdgp1w37dswnsqx4nwrs2fanby7-python3.13-markdown-3.10.2' from 'https://cache.nixos.org'...
copying path '/nix/store/427hzz5hn4n9y7x22m8jpli6wbz535pi-python3.13-marko-2.2.2' from 'https://cache.nixos.org'...
copying path '/nix/store/wg5lwdyiymljd0hbxmn3f4kyxqss8hay-python3.13-markupsafe-3.0.3' from 'https://cache.nixos.org'...
copying path '/nix/store/0jj2m64wa6i12xsbhb1daswaywqyh96r-python3.13-mdurl-0.1.2' from 'https://cache.nixos.org'...
copying path '/nix/store/bnvmhxlsyyzb7dgdzca9wvx0rkzlmzd4-pypa-install-hook' from 'https://cache.nixos.org'...
copying path '/nix/store/3ridhx9ylh8dc0qkqi7dzbz7m7kdn3kx-python3.13-jinja2-3.1.6' from 'https://cache.nixos.org'...
copying path '/nix/store/a2g2rqp38bs40mvd3fmj8nds61zrjb03-python3.13-mpmath-1.3.0' from 'https://cache.nixos.org'...
copying path '/nix/store/qq88vx8lagfyxfw9cd2jrpnnplv8zs00-python3.13-markdown-it-py-4.0.0' from 'https://cache.nixos.org'...
copying path '/nix/store/zigzb7hmc0r13ziwiiv40a1inni58h7k-python3.13-language-data-1.4.0' from 'https://cache.nixos.org'...
copying path '/nix/store/xygi7nazbpmwri7qkkvq4rhhj5a0kg9y-python3.13-murmurhash-1.0.15' from 'https://cache.nixos.org'...
copying path '/nix/store/vbzlwjmaacsrvs0qy4cmrbmphp37xh5p-curl-8.18.0-dev' from 'https://cache.nixos.org'...
copying path '/nix/store/9r5y1l2qnxhylywrhf1h74f4v9i0sfaf-python3.13-httpx-0.28.1' from 'https://cache.nixos.org'...
copying path '/nix/store/6xpn7ksf88rnmvlx1kgxkmz3fdc0kcgh-python3.13-networkx-3.6.1' from 'https://cache.nixos.org'...
copying path '/nix/store/w05a3cvizz1x5dg59djzs35ks8827dr4-python3.13-ninja-1.13.2' from 'https://cache.nixos.org'...
copying path '/nix/store/ak1jwzbj0vdp2xjv852kyfz2c7mnnzkm-python3.13-num2words-0.5.14' from 'https://cache.nixos.org'...
copying path '/nix/store/s4bgaz6kjsji768p4v3g4xk803mdxjxa-python3.13-packaging-25.0' from 'https://cache.nixos.org'...
copying path '/nix/store/m04j6p9f40bw7gix2qp9xgflrjg93c7h-python3.13-pathspec-0.12.1' from 'https://cache.nixos.org'...
copying path '/nix/store/xvnrk55j7ibs5k2kvf91374sqf3mqff6-python3.13-petl-1.7.17' from 'https://cache.nixos.org'...
copying path '/nix/store/4z2gsd5596vyddq0i2kk42ikkxqkfn6z-python3.13-pillow-12.1.1' from 'https://cache.nixos.org'...
copying path '/nix/store/l9w1n21486dbk6lx0h76iycsq6d4kkna-python3.13-platformdirs-4.5.1' from 'https://cache.nixos.org'...
copying path '/nix/store/w67fc884skb60km8dqvh7pvlggs9vbg4-python3.13-pluggy-1.6.0' from 'https://cache.nixos.org'...
copying path '/nix/store/6qw17jilp7lw0xcxyfp34b5ps913981y-python3.13-ply-3.11' from 'https://cache.nixos.org'...
copying path '/nix/store/26p09qki1vmm29xpv925bvd8r6ni6w7k-python-runtime-deps-check-hook.sh' from 'https://cache.nixos.org'...
copying path '/nix/store/wg47jpmj5d0h6xhfw01g8qi70rslsjgh-python3.13-preshed-3.0.13' from 'https://cache.nixos.org'...
copying path '/nix/store/iv7jcg5n6rggrbwj3hhjrxzyxnyj3b2n-python3.13-jsonpath-ng-1.7.0' from 'https://cache.nixos.org'...
copying path '/nix/store/8ra5bbnh12zb5sa1qh7rldgpnm6pll8y-python3.13-psutil-7.2.1' from 'https://cache.nixos.org'...
copying path '/nix/store/y4ippakbr3qyk3kv6iskdwix6jha5hbb-python3.13-pybind11-3.0.1' from 'https://cache.nixos.org'...
copying path '/nix/store/fpijs58n959pnl0xs46w591l6slwgfxs-python3.13-pycparser-3.00' from 'https://cache.nixos.org'...
copying path '/nix/store/vj2129zf5hvgwczhfwqb6zfnvm735b0c-python3.13-pygments-2.19.2' from 'https://cache.nixos.org'...
copying path '/nix/store/skk5v0ni325kha66hbqp3yryibx5xr79-python3.13-cffi-2.0.0' from 'https://cache.nixos.org'...
copying path '/nix/store/fjshm5kgyncq447aqx5nxkq572lav0qr-lapack-3-dev' from 'https://cache.nixos.org'...
copying path '/nix/store/dcl1d4sw7djqmgjbdc9fg1a2h1wf3cvg-blas-3-dev' from 'https://cache.nixos.org'...
copying path '/nix/store/59dzb2m1cgvhp73yjb9nv9xxy14mjsr5-python3.13-pyparsing-3.3.2' from 'https://cache.nixos.org'...
copying path '/nix/store/4h4cvrmjngv6qj597ng9i3x8nbkg56q7-python3.13-pyproject-hooks-1.2.0' from 'https://cache.nixos.org'...
copying path '/nix/store/hprk80zsggp77rqxpa319qwijhnv124l-python3.13-protobuf-7.34.0' from 'https://cache.nixos.org'...
copying path '/nix/store/4k25zhrdxqvihfq3b1rh1kydpz92v8mr-python3.13-pyyaml-6.0.3' from 'https://cache.nixos.org'...
copying path '/nix/store/8jdcmrq6ld4jkh8r0hc3gy5fhg6v8dvf-python3.13-numpy-2.4.2' from 'https://cache.nixos.org'...
copying path '/nix/store/24ki515g6bvdy98j9xrich1cgwmmkax7-python3.13-build-1.4.0' from 'https://cache.nixos.org'...
copying path '/nix/store/q0cnr5jzk8wl6vw062kg6s0gy8ak9vsq-python3.13-joblib-1.5.3' from 'https://cache.nixos.org'...
copying path '/nix/store/ym4j0r5rpmhwn5msisq7rzg51q7ijrn6-python3.13-regex-2026.2.19' from 'https://cache.nixos.org'...
copying path '/nix/store/6hcan04n2lis2d64wwkmy566jkm9bc4i-python3.13-rdflib-7.5.0' from 'https://cache.nixos.org'...
copying path '/nix/store/63kllzgala41vczg4iwvgxshrz0jipbw-python3.13-rfc3986-2.0.0' from 'https://cache.nixos.org'...
copying path '/nix/store/yljfirdkg3nhh5qblsaz92skzvr80v68-python3.13-curated-tokenizers-2.0.0' from 'https://cache.nixos.org'...
copying path '/nix/store/igi9k7fhplsd81gmvy6c5mpd1bmvy20z-python3.13-rpds-py-0.30.0' from 'https://cache.nixos.org'...
copying path '/nix/store/w14q5n5k1mfxbln7dj2zagln5vy6w7r9-python3.13-safetensors-0.7.0' from 'https://cache.nixos.org'...
copying path '/nix/store/l6n1pf602n066i5ds69hjkfrhzsk9zb0-python3.13-setproctitle-1.3.7' from 'https://cache.nixos.org'...
copying path '/nix/store/jldwaqq2p69ms46wpf74aw5rllnhwz6j-python3.13-setuptools-80.10.1' from 'https://cache.nixos.org'...
copying path '/nix/store/cyva3a4m0pjznbfkmikdawc0x1v9mcf1-python3.13-shellingham-1.5.4' from 'https://cache.nixos.org'...
copying path '/nix/store/8ygpvisrqglhbfic786mvan1gfl3vyap-python3.13-simpleeval-1.0.4' from 'https://cache.nixos.org'...
copying path '/nix/store/6w1acfg243ykxnnfiis7f41q8q0z9ii4-python3.13-six-1.17.0' from 'https://cache.nixos.org'...
copying path '/nix/store/rwyngp32sifd4w059ih9h2k7q4x0yldc-python3.13-smmap-6.0.0' from 'https://cache.nixos.org'...
copying path '/nix/store/is0yx9am3fbni82xy16mxnzfz5x02h58-python3.13-sortedcontainers-2.4.0' from 'https://cache.nixos.org'...
copying path '/nix/store/l059196sbc8qrpqfz12x0hgnhpq0qizf-python3.13-python-dateutil-2.9.0.post0' from 'https://cache.nixos.org'...
copying path '/nix/store/1dsqw2fm59fcd08z4xk0kjjs7yl1f3cn-python3.13-spacy-legacy-3.0.12' from 'https://cache.nixos.org'...
copying path '/nix/store/pafljicaghcp4cbvakg1z83j0qwlc8d5-python3.13-srsly-2.5.3' from 'https://cache.nixos.org'...
copying path '/nix/store/gsjra57zica8ccmvk585hbqrzlh1q35y-python3.13-hypothesis-6.150.2' from 'https://cache.nixos.org'...
copying path '/nix/store/5wyg7vk6kskm1j2pq92is5zinypkiygx-python3.13-gitdb-4.0.12' from 'https://cache.nixos.org'...
copying path '/nix/store/zf12i6i1qzr9svw7dvwpcw4sbgpcbm79-python3.13-standard-imghdr-3.13.0' from 'https://cache.nixos.org'...
copying path '/nix/store/g6946gzhr39skzm7ja0mrpxw0s240yjp-python3.13-sympy-1.14.0' from 'https://cache.nixos.org'...
copying path '/nix/store/icllijq1zv26rm371fjsf98353sn9aqs-python3.13-tabulate-0.10.0' from 'https://cache.nixos.org'...
copying path '/nix/store/bkppibiyb0k635309063kyz5qdw4s04w-python3.13-tensorboard-data-server-0.7.2' from 'https://cache.nixos.org'...
copying path '/nix/store/llyd518sxkxalzkrwi8v4gcb441rsh59-python3.13-termcolor-3.3.0' from 'https://cache.nixos.org'...
copying path '/nix/store/f7v0mw7f518a84xalrkqydmir09sciwk-python3.13-text-unidecode-1.3' from 'https://cache.nixos.org'...
copying path '/nix/store/qphpddicw3q681b3ha3rb4jjnx2iliwx-python3.13-torch-2.11.0-lib' from 'https://cache.nixos.org'...
copying path '/nix/store/2by2irsidk7ly5mzbknk7w7md89jmy5l-python3.13-tqdm-4.67.1' from 'https://cache.nixos.org'...
copying path '/nix/store/3ygaad6jsgk7kg2fwx11ikh3mi2k2d8w-python3.13-trove-classifiers-2026.1.14.14' from 'https://cache.nixos.org'...
copying path '/nix/store/l5d1b2c86b8h8pdbvcqr2fplbkffhsg8-python3.13-types-dataclasses-0.6.6' from 'https://cache.nixos.org'...
copying path '/nix/store/zp4w6k165j55v1d7k5iq0lz2yg41084s-python3.13-python-slugify-8.0.4' from 'https://cache.nixos.org'...
copying path '/nix/store/llv9b1i1c1j8dzkakysmgn99nicjlcs1-python3.13-typing-extensions-4.15.0' from 'https://cache.nixos.org'...
copying path '/nix/store/55m6arsp5yj8x46a4yz3a2mipq2cmfgw-python3.13-hatchling-1.29.0' from 'https://cache.nixos.org'...
copying path '/nix/store/380dh82yqh94wpv9ii03m3hafklxiwdg-python3.13-uritemplate-4.2.0' from 'https://cache.nixos.org'...
copying path '/nix/store/bqmhrml6cn9yjdrbs1amm07k003p518q-python3.13-grpcio-1.78.0-dev' from 'https://cache.nixos.org'...
copying path '/nix/store/67qy5jzdxi1j6i47qjw703far7a17bip-python3.13-pydantic-core-2.41.5' from 'https://cache.nixos.org'...
copying path '/nix/store/dxfy65wa6cnp5rsgvpysifwf33hr7mzs-python3.13-referencing-0.37.0' from 'https://cache.nixos.org'...
copying path '/nix/store/wpsa573cm2kslka6l3i9lvcdsghmsryf-python3.13-typing-inspection-0.4.2' from 'https://cache.nixos.org'...
copying path '/nix/store/b0xhg85g0xbrxkggmhy2zxiqsk5jzanm-python3.13-urllib3-2.6.3' from 'https://cache.nixos.org'...
copying path '/nix/store/macifmmafzkhlyq2pd1xkppxxikxlxzb-python3.13-validators-0.35.0' from 'https://cache.nixos.org'...
copying path '/nix/store/w1yh1q0q1av8vrvgazs6arslz1zkx3ig-python3.13-wasabi-1.1.3' from 'https://cache.nixos.org'...
copying path '/nix/store/29jcxy6ib2m084wrip51dm6wx7bvs3ff-python3.13-pydantic-2.12.5' from 'https://cache.nixos.org'...
copying path '/nix/store/g88yi9p5ykkr6h01w897y2lp2l65k8vg-python3.13-jsonschema-specifications-2025.9.1' from 'https://cache.nixos.org'...
copying path '/nix/store/60aw55d621p2d4l6kkli6dfp47wmnj98-python3.13-werkzeug-3.1.6' from 'https://cache.nixos.org'...
copying path '/nix/store/hdjzrkympc393b3a19zxzi55j7fxzicv-python3.13-wheel-0.46.1' from 'https://cache.nixos.org'...
copying path '/nix/store/lxd7ggclr7w1h7aagw7ayhflziyhwh2a-python3.13-jsonschema-4.26.0' from 'https://cache.nixos.org'...
copying path '/nix/store/knlk45h5km3r1i6i38izw3cmk6xznpqz-python3.13-requests-2.32.5' from 'https://cache.nixos.org'...
copying path '/nix/store/3i984817593z5gfm1sp1nz78dc606ccf-python3.13-sentry-sdk-2.54.0' from 'https://cache.nixos.org'...
copying path '/nix/store/yqps3v7ajmah97flgfcb8lr6vj0sybcl-python3.13-wrapt-1.17.2' from 'https://cache.nixos.org'...
copying path '/nix/store/sbx7hvz06qiid69r7i2qnlbj4x5zg686-pypa-build-hook.sh' from 'https://cache.nixos.org'...
copying path '/nix/store/x2fgh0lcy792cjz7rpc7mc3g004yq3ib-python3.13-astunparse-1.6.3' from 'https://cache.nixos.org'...
copying path '/nix/store/wr35sb1xz30c255fz2lxcm9a4wb6r42m-sonic-unstable-2020-12-27' from 'https://cache.nixos.org'...
copying path '/nix/store/c9nx6910qfrhh02izv1yxlyk7k8adjis-python3.13-smart-open-7.5.0' from 'https://cache.nixos.org'...
copying path '/nix/store/7lwkq2imvfs9wvdijb7ypdvjbqhrpab3-source' from 'https://cache.nixos.org'...
copying path '/nix/store/rfildd1phdmk4j23s6frgh3dvm6gkm99-source' from 'https://cache.nixos.org'...
copying path '/nix/store/w77hyhv8v89579ihxdmskz8xcgslh0sc-source' from 'https://cache.nixos.org'...
copying path '/nix/store/54h66nb5aidss9pbyjki3capcc4z6f4b-soxr-0.1.3' from 'https://cache.nixos.org'...
copying path '/nix/store/ligr43angi3b9hpi06d9zm9zwfwg7nbm-speex-1.2.1' from 'https://cache.nixos.org'...
copying path '/nix/store/1m7k715d768nsidynlrylh4hxnm8gpjm-speexdsp-1.2.1' from 'https://cache.nixos.org'...
copying path '/nix/store/f1dnrrll28al1y7q2g9z893ganjgzv0c-srt-1.5.4' from 'https://cache.nixos.org'...
copying path '/nix/store/s2grcjv8pklvkajk3mkh75aja5dppx6z-stdenv-linux' from 'https://cache.nixos.org'...
copying path '/nix/store/ja6qrvxn89ndvpl1196hgfm024xnw6ns-svt-av1-3.1.2' from 'https://cache.nixos.org'...
building '/nix/store/189gy3760f09dic2wc8l0my4a7ckz0qi-builder.pl.drv'...
building '/nix/store/c6k86vpyn93bqbni0jsxydnb4acqcyp4-en_core_web_sm-3.8.0-py3-none-any.whl.drv'...
copying path '/nix/store/v5ndlqb27kb34vj0bf0w7izcnk96c1f1-unbound-1.24.2-lib' from 'https://cache.nixos.org'...
copying path '/nix/store/4hvdwr3d9wdd2nainp5jan1wvl9bg0ld-util-linux-minimal-2.41.3-mount' from 'https://cache.nixos.org'...
copying path '/nix/store/3zypcpkpbiv9p5p4kbnl6b2f0cdykawj-util-linux-minimal-2.41.3-swap' from 'https://cache.nixos.org'...
copying path '/nix/store/s28cbar71d9bv7f6pj7f3xs79cpvmk04-v4l-utils-1.32.0' from 'https://cache.nixos.org'...
copying path '/nix/store/rhf7843p0dmmydzxd5x7pbjmx9b01dgb-vid.stab-1.1.1-unstable-2025-08-21' from 'https://cache.nixos.org'...
copying path '/nix/store/7krvb015vp4wq7lj6v3wadjy4q9asc8q-vulkan-loader-1.4.341.0' from 'https://cache.nixos.org'...
copying path '/nix/store/9g18my8aw2iyz5mjrxlb4nqra8jdhm8n-systemd-minimal-259.3' from 'https://cache.nixos.org'...
copying path '/nix/store/m5c8s72x6v1jk2lzw50b16dg0nvsr8if-wandb-core-0.25.1' from 'https://cache.nixos.org'...
copying path '/nix/store/indd6wy8j1j62njhdq6m37rkajpvzc3v-wayland-1.24.0' from 'https://cache.nixos.org'...
copying path '/nix/store/macjylfl4z8s9z3wi4r03knq0nq15208-wheel-unpack-hook.sh' from 'https://cache.nixos.org'...
copying path '/nix/store/cij2dqjwb8blvzb5ybggw18x6r6mxfyp-gnutls-3.8.12' from 'https://cache.nixos.org'...
copying path '/nix/store/6jnxjzpyvmxc3zny5jsfgsn07iqhzf53-wrap-python-hook' from 'https://cache.nixos.org'...
copying path '/nix/store/lww3rnxx3kwl17b7siddqn834hpdhgpf-x264-0-unstable-2025-01-03-lib' from 'https://cache.nixos.org'...
copying path '/nix/store/hkkgdpf56npnzkyg66r2lwaf91f3pagf-x265-4.1' from 'https://cache.nixos.org'...
copying path '/nix/store/xl1g2j27cddvr2n0gb03hjfpxpynad51-xvidcore-1.3.7' from 'https://cache.nixos.org'...
copying path '/nix/store/v9cvzmaybshqi6bzmh9y8gnfxb8j0y7q-zimg-3.0.6' from 'https://cache.nixos.org'...
copying path '/nix/store/p77s9a29yp2d4qlyxc3397mr9y7l2q2x-libva-2.23.0' from 'https://cache.nixos.org'...
copying path '/nix/store/0wnscii4625qqnngfh93mw44lxq5w5b2-python3.13-pytest-9.0.2' from 'https://cache.nixos.org'...
copying path '/nix/store/kf46rv8liyxjf75vpg0qhaf6iimy74sk-python3.13-rich-14.3.3' from 'https://cache.nixos.org'...
copying path '/nix/store/fmcnw0av57m9l0i6aramxvl86rshwlzd-python3.13-langcodes-3.5.1' from 'https://cache.nixos.org'...
copying path '/nix/store/s1057c6wqvkx9k58magacj81pwq4qli2-python3.13-setuptools-scm-9.2.2' from 'https://cache.nixos.org'...
copying path '/nix/store/98215gz2rlp8jsf6vj3j3f4f6q0yp6q8-python3.13-triton-3.6.0' from 'https://cache.nixos.org'...
copying path '/nix/store/rdhqgygj8b36vg0v6d5q7wy2vca7g55z-zlib-ng-2.3.3' from 'https://cache.nixos.org'...
copying path '/nix/store/49bifvfgvmgy4n1qwwgb52l3c8cpwjsf-zvbi-0.2.44' from 'https://cache.nixos.org'...
copying path '/nix/store/qa76af0p0njks1sawp3gdk9pambkgays-git-minimal-2.53.0' from 'https://cache.nixos.org'...
building '/nix/store/rgdl0g25p4c1gyck2b2hzgq6d8rfcljy-python3.13-dlinfo-2.0.0.drv'...
copying path '/nix/store/nnji7f4rkmbqagy7f40jwx6v845rqcpq-python3.13-typer-0.24.0' from 'https://cache.nixos.org'...
copying path '/nix/store/qr4qy0spvcbhlry2l0yh6d4b4492amrx-pytest-check-hook' from 'https://cache.nixos.org'...
copying path '/nix/store/kr9yinkly8kmrgynp00vyghjdknl95ps-python3.13-frictionless-5.18.1' from 'https://cache.nixos.org'...
copying path '/nix/store/n91zjkjvkqcgs0vl5j20gwqxihf1prn4-python3.13-huggingface-hub-1.5.0' from 'https://cache.nixos.org'...
copying path '/nix/store/bbpwk4zvz2fsndsw8684yz53h1lqq9ab-python3.13-weasel-1.0.0' from 'https://cache.nixos.org'...
copying path '/nix/store/4apcwzgvhbn5l1hvgih6rd3fa4qnxb1z-python3.13-blis-1.3.3' from 'https://cache.nixos.org'...
copying path '/nix/store/b77gxcadzkmczqx5hp50mbfm324yzgij-python3.13-soundfile-0.13.1' from 'https://cache.nixos.org'...
copying path '/nix/store/cghmkhsslri66w4j74282lvqjhy11l0b-python3.13-tensorboard-2.20.0' from 'https://cache.nixos.org'...
copying path '/nix/store/mx745sg11i2na27igmmgnlf450h9dl65-dbus-1.16.2-lib' from 'https://cache.nixos.org'...
copying path '/nix/store/6h01xbkvlkhzbwz3yqsvzvlsvfd86szg-python3.13-gitpython-3.1.46' from 'https://cache.nixos.org'...
copying path '/nix/store/8qs5mhyg6abqy924s1g07wddyjjddxiv-libpulseaudio-17.0' from 'https://cache.nixos.org'...
copying path '/nix/store/asmzi65xzpjdnjvlyn39xlarp2x6cpj3-libjack2-1.9.22' from 'https://cache.nixos.org'...
copying path '/nix/store/pwbbn99d0hmz5g9bmmng9wcyqpi31cs8-python3.13-thinc-8.3.12' from 'https://cache.nixos.org'...
copying path '/nix/store/lpc21304lsg3mwr4bz84d2fnr947mmhz-mpg123-1.33.4' from 'https://cache.nixos.org'...
copying path '/nix/store/wzn01db27azjjwbcikcbp7zyrdbfb1dw-pcaudiolib-1.3' from 'https://cache.nixos.org'...
copying path '/nix/store/xkf39ajrbcnli1fy6acrwhidsd3knxx0-python3.13-wandb-0.25.1' from 'https://cache.nixos.org'...
copying path '/nix/store/4wyjj8y8bn87zj4z08j3kb25lh9k049z-python3.13-tokenizers-0.22.2' from 'https://cache.nixos.org'...
copying path '/nix/store/hh5xqz1aj82wp3p7ncr0ipjwl6ylb28v-libopenmpt-0.8.4' from 'https://cache.nixos.org'...
copying path '/nix/store/j507qzifp08gajnqrhgnkl1g2v0hi1pd-ffmpeg-8.0.1-lib' from 'https://cache.nixos.org'...
copying path '/nix/store/dj4bshvv2hgc3pc8n0m08ds3w2lr0r0n-python3.13-transformers-5.3.0' from 'https://cache.nixos.org'...
copying path '/nix/store/2401mm08z83rmrkphr1m58bslcx5k2hn-alsa-plugins-1.2.12' from 'https://cache.nixos.org'...
copying path '/nix/store/yg1w43bzi8ydx5zr1s9f9jv5cd44c34c-espeak-ng-1.52.0.1-unstable-2025-09-09' from 'https://cache.nixos.org'...
copying path '/nix/store/abhws7jn1517m2541nsj6hs22jsb7x3d-python3.13-torch-2.11.0' from 'https://cache.nixos.org'...
copying path '/nix/store/wv139p4dwwzpp59m55s7fsx6xfkrwf3h-python3.13-csvw-3.7.0' from 'https://cache.nixos.org'...
copying path '/nix/store/6fl07n81qgswca9r1ff9y5qpbhrhmcbq-python3.13-segments-2.3.0' from 'https://cache.nixos.org'...
building '/nix/store/zkbv6la0nl40idbnsibjfig6gc1gx3cc-backend-paths.patch.drv'...
building '/nix/store/9mk17a82sgdjv0s88g7sjh6wvwpc6q71-set-espeak-paths.patch.drv'...
building '/nix/store/mxwy1vx9i0kd3s6j3lk85mbz3q7xdfv6-python3.13-phonemizer-3.3.0.drv'...
building '/nix/store/q0r0cx06awqs315rpm2yavhdjff8x9b2-python3.13-misaki-0-unstable-2025-06-16.drv'...
copying path '/nix/store/v9wa5b5vrkaf5dna0vd6ssiyqblzdl8s-python3.13-spacy-loggers-1.0.5' from 'https://cache.nixos.org'...
copying path '/nix/store/d92nfyfxniaqqsszqvlv1zf54rvj09wd-python3.13-spacy-3.8.14' from 'https://cache.nixos.org'...
building '/nix/store/7z9anyfwpgpfvpda6w8yyb5n4pihg3bv-python3.13-en_core_web_sm-3.8.0.drv'...
copying path '/nix/store/xpj0wczj89a30cyl2kqg2g2nq1j3ymyi-python3.13-torch-2.11.0-dev' from 'https://cache.nixos.org'...
copying path '/nix/store/vywrpyc6443m600ashdfw66bcsnaw2sh-python3.13-curated-transformers-2.0.1' from 'https://cache.nixos.org'...
copying path '/nix/store/4nwysanyp44vyawjx8xdy338h11inhbj-python3.13-spacy-curated-transformers-2.1.2' from 'https://cache.nixos.org'...
building '/nix/store/mk9xzk7qa2j1m9w7zrhf7m2jrsh5jqrs-python3.13-kokoro-0-unstable-2025-06-16.drv'...
building '/nix/store/zgvbzzgd4jzl74ccjbqs67hk16jdp7wr-python3-3.13.12-env.drv'...
